#! /usr/local/Cellar/icarus-verilog/13.0/bin/vvp
:ivl_version "13.0 (stable)" "(v13_0)";
:ivl_delay_selection "TYPICAL";
:vpi_time_precision - 12;
:vpi_module "/usr/local/Cellar/icarus-verilog/13.0/lib/ivl/system.vpi";
:vpi_module "/usr/local/Cellar/icarus-verilog/13.0/lib/ivl/vhdl_sys.vpi";
:vpi_module "/usr/local/Cellar/icarus-verilog/13.0/lib/ivl/vhdl_textio.vpi";
:vpi_module "/usr/local/Cellar/icarus-verilog/13.0/lib/ivl/v2005_math.vpi";
:vpi_module "/usr/local/Cellar/icarus-verilog/13.0/lib/ivl/va_math.vpi";
S_0x7f91648040c0 .scope module, "tb_top" "tb_top" 2 2;
 .timescale -9 -12;
v0x7f9164825ef0_0 .var/s "bias", 31 0;
v0x7f9164825f80_0 .net "busy", 0 0, v0x7f9164825630_0;  1 drivers
v0x7f9164826010_0 .var "clk", 0 0;
v0x7f91648260c0_0 .net "done", 0 0, v0x7f9164825860_0;  1 drivers
v0x7f9164826170_0 .var/i "i", 31 0;
v0x7f9164826240_0 .var "in_valid", 0 0;
v0x7f91648262d0_0 .var/s "input_value", 7 0;
v0x7f9164826380_0 .net/s "result", 31 0, v0x7f9164825b60_0;  1 drivers
v0x7f9164826430_0 .var "rst", 0 0;
v0x7f9164826560_0 .var "start", 0 0;
v0x7f91648265f0_0 .var/s "weight_value", 7 0;
E_0x7f91648067c0 .event anyedge, v0x7f9164825860_0;
E_0x7f9164805e30 .event negedge, v0x7f9164825710_0;
S_0x7f9164804230 .scope module, "dut" "top" 2 16, 3 1 0, S_0x7f91648040c0;
 .timescale 0 0;
    .port_info 0 /INPUT 1 "clk";
    .port_info 1 /INPUT 1 "rst";
    .port_info 2 /INPUT 1 "start";
    .port_info 3 /INPUT 1 "in_valid";
    .port_info 4 /INPUT 8 "input_value";
    .port_info 5 /INPUT 8 "weight_value";
    .port_info 6 /INPUT 32 "bias";
    .port_info 7 /OUTPUT 1 "busy";
    .port_info 8 /OUTPUT 1 "done";
    .port_info 9 /OUTPUT 32 "result";
v0x7f9164811b30_0 .net/s *"_ivl_0", 15 0, L_0x7f9164826680;  1 drivers
v0x7f9164825430_0 .net/s *"_ivl_2", 15 0, L_0x7f9164826780;  1 drivers
v0x7f91648254d0_0 .var/s "acc", 31 0;
v0x7f9164825580_0 .net/s "bias", 31 0, v0x7f9164825ef0_0;  1 drivers
v0x7f9164825630_0 .var "busy", 0 0;
v0x7f9164825710_0 .net "clk", 0 0, v0x7f9164826010_0;  1 drivers
v0x7f91648257b0_0 .var "count", 9 0;
v0x7f9164825860_0 .var "done", 0 0;
v0x7f9164825900_0 .net "in_valid", 0 0, v0x7f9164826240_0;  1 drivers
v0x7f9164825a10_0 .net/s "input_value", 7 0, v0x7f91648262d0_0;  1 drivers
v0x7f9164825ab0_0 .net/s "product", 15 0, L_0x7f9164826860;  1 drivers
v0x7f9164825b60_0 .var/s "result", 31 0;
v0x7f9164825c10_0 .net "rst", 0 0, v0x7f9164826430_0;  1 drivers
v0x7f9164825cb0_0 .net "start", 0 0, v0x7f9164826560_0;  1 drivers
v0x7f9164825d50_0 .net/s "weight_value", 7 0, v0x7f91648265f0_0;  1 drivers
E_0x7f91648049c0 .event posedge, v0x7f9164825c10_0, v0x7f9164825710_0;
L_0x7f9164826680 .extend/s 16, v0x7f91648262d0_0;
L_0x7f9164826780 .extend/s 16, v0x7f91648265f0_0;
L_0x7f9164826860 .arith/mult 16, L_0x7f9164826680, L_0x7f9164826780;
    .scope S_0x7f9164804230;
T_0 ;
    %wait E_0x7f91648049c0;
    %load/vec4 v0x7f9164825c10_0;
    %flag_set/vec4 8;
    %jmp/0xz  T_0.0, 8;
    %pushi/vec4 0, 0, 32;
    %assign/vec4 v0x7f91648254d0_0, 0;
    %pushi/vec4 0, 0, 10;
    %assign/vec4 v0x7f91648257b0_0, 0;
    %pushi/vec4 0, 0, 1;
    %assign/vec4 v0x7f9164825630_0, 0;
    %pushi/vec4 0, 0, 1;
    %assign/vec4 v0x7f9164825860_0, 0;
    %jmp T_0.1;
T_0.0 ;
    %pushi/vec4 0, 0, 1;
    %assign/vec4 v0x7f9164825860_0, 0;
    %load/vec4 v0x7f9164825cb0_0;
    %flag_set/vec4 8;
    %jmp/0xz  T_0.2, 8;
    %pushi/vec4 0, 0, 32;
    %assign/vec4 v0x7f91648254d0_0, 0;
    %pushi/vec4 0, 0, 10;
    %assign/vec4 v0x7f91648257b0_0, 0;
    %pushi/vec4 1, 0, 1;
    %assign/vec4 v0x7f9164825630_0, 0;
    %jmp T_0.3;
T_0.2 ;
    %load/vec4 v0x7f9164825630_0;
    %flag_set/vec4 9;
    %flag_get/vec4 9;
    %jmp/0 T_0.6, 9;
    %load/vec4 v0x7f9164825900_0;
    %and;
T_0.6;
    %flag_set/vec4 8;
    %jmp/0xz  T_0.4, 8;
    %load/vec4 v0x7f91648254d0_0;
    %load/vec4 v0x7f9164825ab0_0;
    %pad/s 32;
    %add;
    %assign/vec4 v0x7f91648254d0_0, 0;
    %load/vec4 v0x7f91648257b0_0;
    %pad/u 32;
    %cmpi/e 783, 0, 32;
    %jmp/0xz  T_0.7, 4;
    %load/vec4 v0x7f91648254d0_0;
    %load/vec4 v0x7f9164825ab0_0;
    %pad/s 32;
    %add;
    %load/vec4 v0x7f9164825580_0;
    %add;
    %assign/vec4 v0x7f9164825b60_0, 0;
    %pushi/vec4 0, 0, 1;
    %assign/vec4 v0x7f9164825630_0, 0;
    %pushi/vec4 1, 0, 1;
    %assign/vec4 v0x7f9164825860_0, 0;
    %jmp T_0.8;
T_0.7 ;
    %load/vec4 v0x7f91648257b0_0;
    %addi 1, 0, 10;
    %assign/vec4 v0x7f91648257b0_0, 0;
T_0.8 ;
T_0.4 ;
T_0.3 ;
T_0.1 ;
    %jmp T_0;
    .thread T_0;
    .scope S_0x7f91648040c0;
T_1 ;
    %delay 5000, 0;
    %load/vec4 v0x7f9164826010_0;
    %inv;
    %store/vec4 v0x7f9164826010_0, 0, 1;
    %jmp T_1;
    .thread T_1;
    .scope S_0x7f91648040c0;
T_2 ;
    %pushi/vec4 0, 0, 1;
    %store/vec4 v0x7f9164826010_0, 0, 1;
    %pushi/vec4 1, 0, 1;
    %store/vec4 v0x7f9164826430_0, 0, 1;
    %pushi/vec4 0, 0, 1;
    %store/vec4 v0x7f9164826560_0, 0, 1;
    %pushi/vec4 0, 0, 1;
    %store/vec4 v0x7f9164826240_0, 0, 1;
    %pushi/vec4 0, 0, 8;
    %store/vec4 v0x7f91648262d0_0, 0, 8;
    %pushi/vec4 0, 0, 8;
    %store/vec4 v0x7f91648265f0_0, 0, 8;
    %pushi/vec4 10, 0, 32;
    %store/vec4 v0x7f9164825ef0_0, 0, 32;
    %delay 20000, 0;
    %pushi/vec4 0, 0, 1;
    %store/vec4 v0x7f9164826430_0, 0, 1;
    %wait E_0x7f9164805e30;
    %pushi/vec4 1, 0, 1;
    %store/vec4 v0x7f9164826560_0, 0, 1;
    %wait E_0x7f9164805e30;
    %pushi/vec4 0, 0, 1;
    %store/vec4 v0x7f9164826560_0, 0, 1;
    %pushi/vec4 1, 0, 1;
    %store/vec4 v0x7f9164826240_0, 0, 1;
    %pushi/vec4 0, 0, 32;
    %store/vec4 v0x7f9164826170_0, 0, 32;
T_2.0 ; Top of for-loop
    %load/vec4 v0x7f9164826170_0;
    %cmpi/s 784, 0, 32;
	  %jmp/0xz T_2.1, 5;
    %pushi/vec4 2, 0, 8;
    %store/vec4 v0x7f91648262d0_0, 0, 8;
    %pushi/vec4 3, 0, 8;
    %store/vec4 v0x7f91648265f0_0, 0, 8;
    %wait E_0x7f9164805e30;
T_2.2 ; for-loop step statement
    %load/vec4 v0x7f9164826170_0;
    %addi 1, 0, 32;
    %store/vec4 v0x7f9164826170_0, 0, 32;
    %jmp T_2.0;
T_2.1 ; for-loop exit label
T_2.3 ;
    %load/vec4 v0x7f91648260c0_0;
    %cmpi/ne 1, 0, 1;
    %jmp/0xz T_2.4, 6;
    %wait E_0x7f91648067c0;
    %jmp T_2.3;
T_2.4 ;
    %vpi_call 2 58 "$display", "Result: %d", v0x7f9164826380_0 {0 0 0};
    %load/vec4 v0x7f9164826380_0;
    %cmpi/e 4714, 0, 32;
    %jmp/0xz  T_2.5, 4;
    %vpi_call 2 60 "$display", "Test passed!" {0 0 0};
    %jmp T_2.6;
T_2.5 ;
    %vpi_call 2 62 "$display", "Test failed!" {0 0 0};
T_2.6 ;
    %vpi_call 2 64 "$finish" {0 0 0};
    %end;
    .thread T_2;
# The file index is used to find the file name in the following table.
:file_names 4;
    "N/A";
    "<interactive>";
    "sim/tb_top.v";
    "rtl/top.v";
